// Jest Snapshot v1, https://goo.gl/fbAQLP

exports[`Homepage Test should render properly 1`] = `
<body>
  <div>
    <div
      class="homepage-container"
    >
      <div>
        <div
          class="header container"
        >
          <div
            class="left"
          >
            <div
              class="link"
            >
              Insure App
            </div>
          </div>
          <div
            class="right"
          >
            <div
              class="link"
              data-testid="add-item"
            >
              Add Item
            </div>
          </div>
        </div>
        <div
          class="modal"
        />
      </div>
      <div
        class="categories-container"
      >
        <div>
          <h3
            class="title"
          >
            List Of Items
          </h3>
          <div
            class="loader-container "
          >
            <div
              class="loader"
              style="width: 20px; height: 20px;"
            />
            <span
              class="message"
            >
              fetching category items records, hang tight...
            </span>
          </div>
        </div>
      </div>
      <div
        class="modal"
      />
    </div>
  </div>
</body>
`;
