// Jest Snapshot v1, https://goo.gl/fbAQLP

exports[`Header Test should render properly 1`] = `
<body>
  <div>
    <div>
      <div
        class="header container"
      >
        <div
          class="left"
        >
          <div
            class="link"
          >
            Insure App
          </div>
        </div>
        <div
          class="right"
        >
          <div
            class="link"
            data-testid="add-item"
          >
            Add Item
          </div>
        </div>
      </div>
      <div
        class="modal"
      />
    </div>
  </div>
</body>
`;
